\BOOKMARK [1][-]{section.2}{\376\377\000I\000n\000t\000r\000o\000d\000u\000c\000t\000i\000o\000n}{}% 1
\BOOKMARK [1][-]{section.4}{\376\377\000R\000e\000l\000a\000t\000e\000d\000\040\000W\000o\000r\000k}{}% 2
\BOOKMARK [1][-]{section.5}{\376\377\000B\000a\000c\000k\000g\000r\000o\000u\000n\000d}{}% 3
\BOOKMARK [1][-]{section.11}{\376\377\000M\000e\000t\000h\000o\000d}{}% 4
\BOOKMARK [2][-]{subsection.12}{\376\377\000S\000t\000o\000c\000h\000a\000s\000t\000i\000c\000\040\000a\000t\000t\000e\000n\000t\000i\000o\000n\000\040\000f\000o\000r\000\040\000e\000n\000e\000r\000g\000y\000-\000b\000a\000s\000e\000d\000\040\000t\000a\000r\000g\000e\000t\000s}{section.11}% 5
\BOOKMARK [2][-]{subsection.23}{\376\377\000R\000e\000g\000u\000l\000a\000r\000i\000t\000y\000\040\000a\000n\000d\000\040\000c\000o\000n\000v\000e\000r\000g\000e\000n\000c\000e}{section.11}% 6
\BOOKMARK [2][-]{subsection.30}{\376\377\000E\000x\000a\000c\000t\000\040\000G\000a\000u\000s\000s\000i\000a\000n\000-\000m\000i\000x\000t\000u\000r\000e\000\040\000s\000p\000e\000c\000i\000a\000l\000\040\000c\000a\000s\000e}{section.11}% 7
\BOOKMARK [2][-]{subsection.44}{\376\377\000A\000t\000t\000e\000n\000t\000i\000o\000n\000\040\000a\000s\000\040\000p\000o\000s\000t\000e\000r\000i\000o\000r\000\040\000r\000e\000s\000p\000o\000n\000s\000i\000b\000i\000l\000i\000t\000y\000\040\000a\000n\000d\000\040\000s\000c\000o\000r\000e}{section.11}% 8
\BOOKMARK [2][-]{subsection.47}{\376\377\000R\000e\000s\000p\000o\000n\000s\000i\000b\000i\000l\000i\000t\000y\000\040\000c\000o\000n\000c\000e\000n\000t\000r\000a\000t\000i\000o\000n\000\040\000a\000n\000d\000\040\000t\000e\000m\000p\000e\000r\000a\000t\000u\000r\000e}{section.11}% 9
\BOOKMARK [2][-]{subsection.52}{\376\377\000M\000a\000s\000k\000i\000n\000g\000\040\000a\000n\000d\000\040\000m\000u\000l\000t\000i\000p\000l\000i\000c\000i\000t\000y}{section.11}% 10
\BOOKMARK [1][-]{section.54}{\376\377\000E\000x\000p\000e\000r\000i\000m\000e\000n\000t\000s}{}% 11
\BOOKMARK [2][-]{subsection.55}{\376\377\000E\000v\000a\000l\000u\000a\000t\000i\000o\000n\000\040\000s\000c\000o\000p\000e}{section.54}% 12
\BOOKMARK [2][-]{subsection.56}{\376\377\000E\000x\000a\000c\000t\000\040\000t\000a\000r\000g\000e\000t\000\040\000v\000a\000l\000i\000d\000a\000t\000i\000o\000n}{section.54}% 13
\BOOKMARK [2][-]{subsection.58}{\376\377\000M\000N\000I\000S\000T\000\040\000e\000n\000d\000p\000o\000i\000n\000t\000\040\000r\000e\000a\000n\000a\000l\000y\000s\000i\000s}{section.54}% 14
\BOOKMARK [2][-]{subsection.61}{\376\377\000P\000r\000o\000t\000e\000i\000n\000\040\000e\000n\000d\000p\000o\000i\000n\000t\000\040\000r\000e\000a\000n\000a\000l\000y\000s\000i\000s}{section.54}% 15
\BOOKMARK [2][-]{subsection.63}{\376\377\000R\000e\000i\000n\000t\000e\000r\000p\000r\000e\000t\000a\000t\000i\000o\000n\000\040\000o\000f\000\040\000m\000a\000s\000k\000i\000n\000g}{section.54}% 16
\BOOKMARK [1][-]{section.65}{\376\377\000D\000i\000s\000c\000u\000s\000s\000i\000o\000n\000\040\000a\000n\000d\000\040\000C\000o\000n\000c\000l\000u\000s\000i\000o\000n}{}% 17
\BOOKMARK [1][-]{appendix.68}{\376\377\000N\000o\000r\000m\000a\000l\000i\000z\000a\000t\000i\000o\000n\000\040\000a\000n\000d\000\040\000S\000c\000o\000r\000e\000\040\000D\000e\000r\000i\000v\000a\000t\000i\000o\000n}{}% 18
\BOOKMARK [1][-]{appendix.73}{\376\377\000M\000A\000L\000A\000\040\000C\000o\000r\000r\000e\000c\000t\000i\000o\000n}{}% 19
\BOOKMARK [1][-]{appendix.92}{\376\377\000A\000n\000a\000l\000y\000t\000i\000c\000\040\000T\000a\000r\000g\000e\000t\000\040\000V\000a\000l\000i\000d\000a\000t\000i\000o\000n\000\040\000D\000e\000t\000a\000i\000l\000s}{}% 20
\BOOKMARK [1][-]{appendix.95}{\376\377\000M\000N\000I\000S\000T\000\040\000P\000r\000o\000t\000o\000c\000o\000l\000\040\000a\000n\000d\000\040\000L\000o\000c\000a\000l\000\040\000B\000a\000s\000e\000l\000i\000n\000e\000s}{}% 21
\BOOKMARK [1][-]{appendix.99}{\376\377\000P\000r\000o\000t\000e\000i\000n\000\040\000P\000r\000o\000t\000o\000c\000o\000l\000\040\000a\000n\000d\000\040\000D\000e\000c\000o\000d\000e\000r\000\040\000M\000e\000c\000h\000a\000n\000i\000s\000m}{}% 22
\BOOKMARK [1][-]{appendix.100}{\376\377\000R\000e\000s\000p\000o\000n\000s\000i\000b\000i\000l\000i\000t\000y\000\040\000C\000o\000n\000c\000e\000n\000t\000r\000a\000t\000i\000o\000n}{}% 23
\BOOKMARK [1][-]{appendix.101}{\376\377\000E\000x\000p\000e\000r\000i\000m\000e\000n\000t\000s\000\040\000R\000e\000m\000o\000v\000e\000d\000\040\000f\000r\000o\000m\000\040\000t\000h\000e\000\040\000E\000v\000i\000d\000e\000n\000t\000i\000a\000r\000y\000\040\000C\000l\000a\000i\000m}{}% 24
\BOOKMARK [1][-]{appendix.102}{\376\377\000C\000o\000d\000e\000\040\000a\000n\000d\000\040\000R\000e\000p\000r\000o\000d\000u\000c\000t\000i\000o\000n}{}% 25
\BOOKMARK [1][-]{appendix.103}{\376\377\000R\000e\000g\000u\000l\000a\000r\000i\000t\000y\000\040\000o\000f\000\040\000t\000h\000e\000\040\000H\000o\000p\000f\000i\000e\000l\000d\000\040\000E\000n\000e\000r\000g\000y}{}% 26
\BOOKMARK [2][-]{subsection.104}{\376\377\000P\000r\000o\000o\000f\000\040\000o\000f\000\040\000P\000r\000o\000p\000o\000s\000i\000t\000i\000o\000n\000\040\0001}{appendix.103}% 27
\BOOKMARK [1][-]{appendix.113}{\376\377\000A\000d\000d\000i\000t\000i\000o\000n\000a\000l\000\040\000S\000u\000b\000m\000i\000t\000t\000e\000d\000\040\000E\000x\000p\000e\000r\000i\000m\000e\000n\000t\000s\000\040\000a\000n\000d\000\040\000D\000i\000a\000g\000n\000o\000s\000t\000i\000c\000s}{}% 28
\BOOKMARK [2][-]{subsection.114}{\376\377\000S\000y\000n\000t\000h\000e\000t\000i\000c\000\040\000r\000e\000s\000p\000o\000n\000s\000i\000b\000i\000l\000i\000t\000y\000\040\000c\000o\000n\000c\000e\000n\000t\000r\000a\000t\000i\000o\000n}{appendix.113}% 29
\BOOKMARK [2][-]{subsection.116}{\376\377\000S\000u\000b\000m\000i\000t\000t\000e\000d\000\040\000M\000N\000I\000S\000T\000\040\000b\000a\000s\000e\000l\000i\000n\000e\000\040\000r\000e\000c\000o\000r\000d}{appendix.113}% 30
\BOOKMARK [2][-]{subsection.118}{\376\377\000A\000d\000d\000i\000t\000i\000o\000n\000a\000l\000\040\000M\000N\000I\000S\000T\000\040\000d\000i\000g\000i\000t\000s\000\040\000a\000n\000d\000\040\000t\000e\000m\000p\000e\000r\000a\000t\000u\000r\000e\000\040\000s\000w\000e\000e\000p}{appendix.113}% 31
\BOOKMARK [2][-]{subsection.125}{\376\377\000S\000i\000n\000g\000l\000e\000-\000c\000h\000a\000i\000n\000\040\000a\000n\000d\000\040\000t\000r\000a\000j\000e\000c\000t\000o\000r\000y\000\040\000d\000i\000a\000g\000n\000o\000s\000t\000i\000c\000s}{appendix.113}% 32
\BOOKMARK [2][-]{subsection.129}{\376\377\000A\000d\000d\000i\000t\000i\000o\000n\000a\000l\000\040\000P\000F\0000\0000\0000\0007\0006\000\040\000d\000i\000a\000g\000n\000o\000s\000t\000i\000c\000s}{appendix.113}% 33
\BOOKMARK [2][-]{subsection.133}{\376\377\000F\000i\000n\000a\000n\000c\000i\000a\000l\000\040\000l\000o\000g\000-\000r\000e\000t\000u\000r\000n\000\040\000i\000l\000l\000u\000s\000t\000r\000a\000t\000i\000o\000n}{appendix.113}% 34
\BOOKMARK [2][-]{subsection.139}{\376\377\000O\000l\000i\000v\000e\000t\000t\000i\000\040\000m\000a\000s\000k\000i\000n\000g\000\040\000d\000i\000a\000g\000n\000o\000s\000t\000i\000c\000s}{appendix.113}% 35
\BOOKMARK [1][-]{appendix.142}{\376\377\000R\000e\000t\000a\000i\000n\000e\000d\000\040\000B\000a\000s\000e\000l\000i\000n\000e\000\040\000M\000e\000t\000h\000o\000d\000\040\000S\000p\000e\000c\000i\000f\000i\000c\000a\000t\000i\000o\000n\000s}{}% 36
\BOOKMARK [2][-]{subsection.143}{\376\377\000G\000M\000M\000-\000P\000C\000A}{appendix.142}% 37
\BOOKMARK [2][-]{subsection.149}{\376\377\000V\000a\000r\000i\000a\000t\000i\000o\000n\000a\000l\000\040\000A\000u\000t\000o\000e\000n\000c\000o\000d\000e\000r}{appendix.142}% 38
\BOOKMARK [1][-]{appendix.161}{\376\377\000F\000i\000n\000i\000t\000e\000-\000S\000t\000e\000p\000\040\000S\000e\000n\000s\000i\000t\000i\000v\000i\000t\000y\000\040\000A\000n\000a\000l\000y\000s\000e\000s}{}% 39
\BOOKMARK [1][-]{appendix.167}{\376\377\000S\000u\000b\000m\000i\000t\000t\000e\000d\000\040\000V\000A\000E\000\040\000D\000a\000t\000a\000-\000S\000c\000a\000l\000e\000\040\000S\000e\000n\000s\000i\000t\000i\000v\000i\000t\000y}{}% 40
\BOOKMARK [1][-]{appendix.169}{\376\377\000P\000r\000i\000n\000c\000i\000p\000a\000l\000\040\000C\000o\000m\000p\000o\000n\000e\000n\000t\000\040\000A\000n\000a\000l\000y\000s\000i\000s}{}% 41
\BOOKMARK [1][-]{appendix.177}{\376\377\000S\000c\000o\000p\000e\000d\000\040\000M\000u\000l\000t\000i\000-\000H\000e\000a\000d\000\040\000S\000t\000o\000c\000h\000a\000s\000t\000i\000c\000\040\000A\000t\000t\000e\000n\000t\000i\000o\000n}{}% 42
